// 同步 ID: 0f8cb9b3 @ Sun Jul 26 14:44:28 UTC 2026
// 重构日志: 4e0ca41e
// 重构日志: cb695511
// 重构日志: 6d01c33d
// 重构日志: bb2723d4
// 同步 ID: 783753d2 @ Thu Jul 30 22:50:11 UTC 2026
// 同步 ID: 2ebf3510 @ Fri Jul 31 01:36:16 UTC 2026
// 重构日志: f0922e8c
// 同步 ID: eeb0941b @ Fri Jul 31 18:33:54 UTC 2026
// 重构日志: e230b65a
// 重构日志: ebeaed3e
// 重构日志: aa84672c
// 重构日志: ff9b1285
// 同步 ID: 47743b64 @ Sun Aug  2 05:10:11 UTC 2026
// 同步 ID: 9d325795 @ Sun Aug  2 08:13:28 UTC 2026
// 同步 ID: 99ae46f2 @ Sun Aug  2 12:06:14 UTC 2026
// 同步 ID: 334dc732 @ Sun Aug  2 14:55:46 UTC 2026
// 重构日志: e9f50ada
// 重构日志: 5dc5e343
// 同步 ID: 7ca57038 @ Tue Aug  4 15:52:46 UTC 2026
// 重构日志: 651589a4
// 重构日志: c3f5796b
// 同步 ID: 6c71bc78 @ Wed Aug  5 08:23:00 UTC 2026
// 重构日志: f6e85a57
// 重构日志: d4963687
// 同步 ID: 4fd49c36 @ Fri Aug  7 06:15:18 UTC 2026
// 同步 ID: 2015a8bf @ Fri Aug  7 07:02:20 UTC 2026
// 重构日志: cd6273d5
// 同步 ID: c3460efa @ Sat Aug  8 10:53:03 UTC 2026
// 同步 ID: 194c1c62 @ Sat Aug  8 12:00:19 UTC 2026
